# G5 terraform apply (rebuild) transcript
# Operator: yordanoshagos
# Host: local worktree devops-g10-tillflow.worktrees/g5-destroy/infra
# Commit: 0fd4313
# Command: terraform apply rebuild.bin (-refresh=false; DELETION_FAILED AMG 404s DescribeWorkspaceConfiguration)
# Window: 2026-09-22T22:05:27Z → 2026-09-22T22:15:06Z
# Plan: 228 add, 0 change, 0 destroy
# Stack came back. Apply exit 1 only on Grafana service account (workspace DELETION_FAILED).
# New API Gateway: https://mww3x8g0k2.execute-api.eu-central-1.amazonaws.com
# Images + migrate: https://github.com/berissamuyizere/devops-g10-tillflow/actions/runs/35832609511 (2026-09-23T07:50:38Z)

rebuild_apply_started=2026-09-22T22:05:27Z
╷
│ Warning: Deprecated Parameter
│ 
│ The parameter "dynamodb_table" is deprecated. Use parameter "use_lockfile"
│ instead.
╵
Acquiring state lock. This may take a few moments...
random_password.commission_service_token: Creating...
random_password.daraja_callback_secret: Creating...
random_password.daraja_callback_path_secret: Creating...
random_password.pos_service_token: Creating...
random_password.db_pos: Creating...
random_password.cache_auth: Creating...
random_password.payments_service_token: Creating...
random_password.db_payments: Creating...
random_password.rds_master: Creating...
random_password.daraja_callback_secret: Creation complete after 0s [id=none]
random_password.pos_service_token: Creation complete after 0s [id=none]
random_password.db_payments: Creation complete after 0s [id=none]
random_password.cache_auth: Creation complete after 0s [id=none]
random_password.commission_service_token: Creation complete after 0s [id=none]
random_password.db_pos: Creation complete after 0s [id=none]
random_password.daraja_callback_path_secret: Creation complete after 0s [id=none]
random_password.rds_master: Creation complete after 0s [id=none]
random_password.payments_service_token: Creation complete after 0s [id=none]
aws_cloudwatch_log_group.codebuild_web: Creating...
aws_cloudwatch_log_group.adot_pos: Creating...
aws_secretsmanager_secret.slack: Creating...
aws_cloudwatch_log_group.adot_metrics: Creating...
aws_cloudwatch_log_group.adot_payments: Creating...
aws_cloudwatch_log_group.pos: Creating...
aws_cloudwatch_log_group.commission: Creating...
aws_cloudwatch_event_rule.payout_cutoff: Creating...
aws_sqs_queue.commission_close_dlq: Creating...
aws_sqs_queue.payments_callbacks_dlq: Creating...
aws_secretsmanager_secret.slack: Creation complete after 1s [id=arn:aws:secretsmanager:eu-central-1:240462142849:secret:devops-g10/slack-webhook-9Y1FOj]
aws_ecr_repository.service["pos"]: Creating...
aws_cloudwatch_log_group.adot_payments: Creation complete after 1s [id=/devops-g10/adot/payments]
aws_cloudwatch_log_group.commission: Creation complete after 1s [id=/devops-g10/commission]
aws_cloudwatch_log_group.pos: Creation complete after 1s [id=/devops-g10/pos]
aws_cloudwatch_log_group.adot_metrics: Creation complete after 1s [id=/devops-g10/adot/metrics]
aws_cloudwatch_log_group.adot_pos: Creation complete after 1s [id=/devops-g10/adot/pos]
aws_cloudwatch_event_rule.payout_cutoff: Creation complete after 1s [id=devops-g10-payout-cutoff]
aws_cloudwatch_log_group.db_migrate: Creating...
aws_iam_role.db_migrate_exec: Creating...
aws_cloudwatch_event_rule.probe: Creating...
aws_apigatewayv2_api.app: Creating...
aws_cloudwatch_log_group.apigw: Creating...
aws_cloudwatch_log_group.codebuild_web: Creation complete after 1s [id=/aws/codebuild/devops-g10-web-build]
aws_iam_role.task_exec["pos"]: Creating...
aws_wafv2_web_acl.app: Creating...
aws_cloudwatch_log_group.apigw: Creation complete after 1s [id=/devops-g10/api-gateway]
aws_cloudwatch_log_group.db_migrate: Creation complete after 1s [id=/devops-g10/db-migrate]
aws_secretsmanager_secret.db_pos: Creating...
aws_iam_role.task_exec["web"]: Creating...
aws_cloudwatch_event_rule.probe: Creation complete after 1s [id=devops-g10-probe]
aws_secretsmanager_secret.daraja: Creating...
aws_ecr_repository.service["pos"]: Creation complete after 2s [id=devops-g10/pos]
aws_iam_role.task_exec["payments"]: Creating...
aws_apigatewayv2_api.app: Creation complete after 2s [id=mww3x8g0k2]
aws_iam_role.pipeline: Creating...
aws_secretsmanager_secret.db_pos: Creation complete after 1s [id=arn:aws:secretsmanager:eu-central-1:240462142849:secret:devops-g10/db/pos-BZl7uT]
aws_ecr_registry_scanning_configuration.enhanced: Creating...
aws_secretsmanager_secret.daraja: Creation complete after 1s [id=arn:aws:secretsmanager:eu-central-1:240462142849:secret:devops-g10/daraja-CXAGTT]
aws_iam_role.task_exec["commission"]: Creating...
aws_iam_role.task_exec["pos"]: Creation complete after 2s [id=devops-g10-pos-exec]
aws_iam_role.probe: Creating...
aws_iam_role.db_migrate_exec: Creation complete after 2s [id=devops-g10-db-migrate-exec]
aws_cloudwatch_event_rule.commission_daily: Creating...
aws_iam_role.task_exec["web"]: Creation complete after 2s [id=devops-g10-web-exec]
aws_ecr_repository.service["commission"]: Creating...
aws_iam_role.task_exec["payments"]: Creation complete after 1s [id=devops-g10-payments-exec]
aws_ecr_repository.service["web"]: Creating...
aws_iam_role.pipeline: Creation complete after 1s [id=devops-g10-pipeline]
aws_cloudwatch_log_group.probe: Creating...
aws_wafv2_web_acl.app: Creation complete after 2s [id=b445c97b-05d1-407d-b631-de2e0393c20b]
aws_secretsmanager_secret.service_tokens: Creating...
aws_iam_role.task_exec["commission"]: Creation complete after 1s [id=devops-g10-commission-exec]
aws_ssm_parameter.adot_config: Creating...
aws_iam_role.probe: Creation complete after 1s [id=devops-g10-probe]
aws_cloudwatch_log_group.web: Creating...
aws_ecr_registry_scanning_configuration.enhanced: Creation complete after 1s [id=240462142849]
aws_ecr_repository.service["payments"]: Creating...
aws_cloudwatch_event_rule.commission_daily: Creation complete after 1s [id=devops-g10-commission-daily-close]
aws_secretsmanager_secret.cache_auth: Creating...
aws_ecr_repository.service["commission"]: Creation complete after 1s [id=devops-g10/commission]
aws_secretsmanager_secret.db_payments: Creating...
aws_cloudwatch_log_group.probe: Creation complete after 1s [id=/aws/lambda/devops-g10-probe]
aws_cloudwatch_log_group.slack_notifier: Creating...
aws_secretsmanager_secret.service_tokens: Creation complete after 1s [id=arn:aws:secretsmanager:eu-central-1:240462142849:secret:devops-g10/service-tokens-bHQFTI]
aws_iam_role.slack_notifier: Creating...
aws_ecr_repository.service["web"]: Creation complete after 1s [id=devops-g10/web]
aws_iam_role.payout_cutoff: Creating...
aws_ecr_repository.service["payments"]: Creation complete after 1s [id=devops-g10/payments]
aws_ecs_cluster.app: Creating...
aws_cloudwatch_log_group.web: Creation complete after 1s [id=/devops-g10/web]
aws_iam_role.vpc_flow: Creating...
aws_secretsmanager_secret.cache_auth: Creation complete after 1s [id=arn:aws:secretsmanager:eu-central-1:240462142849:secret:devops-g10/cache/auth-Bt2oXi]
aws_cloudwatch_log_group.adot_web: Creating...
aws_secretsmanager_secret.db_payments: Creation complete after 1s [id=arn:aws:secretsmanager:eu-central-1:240462142849:secret:devops-g10/db/payments-cGtyQm]
aws_iam_role.codebuild: Creating...
aws_cloudwatch_log_group.slack_notifier: Creation complete after 1s [id=/aws/lambda/devops-g10-slack-notifier]
module.vpc.aws_vpc.this[0]: Creating...
aws_ssm_parameter.adot_config: Creation complete after 2s [id=/devops-g10/adot/config]
aws_db_parameter_group.pg16: Creating...
aws_iam_role.slack_notifier: Creation complete after 1s [id=devops-g10-slack-notifier]
aws_iam_role.task["pos"]: Creating...
aws_iam_role.payout_cutoff: Creation complete after 1s [id=devops-g10-payout-cutoff]
aws_cloudwatch_log_group.payments: Creating...
aws_cloudwatch_log_group.adot_web: Creation complete after 1s [id=/devops-g10/adot/web]
aws_iam_role.task["commission"]: Creating...
aws_iam_role.vpc_flow: Creation complete after 1s [id=devops-g10-vpc-flow-logs]
aws_cloudwatch_log_group.payout_cutoff: Creating...
aws_iam_role.codebuild: Creation complete after 1s [id=devops-g10-codebuild]
aws_iam_role.task["payments"]: Creating...
aws_cloudwatch_log_group.payments: Creation complete after 1s [id=/devops-g10/payments]
aws_iam_role.task["web"]: Creating...
aws_iam_role.task["pos"]: Creation complete after 1s [id=devops-g10-pos-task]
aws_secretsmanager_secret.rds_master: Creating...
aws_iam_role.task["commission"]: Creation complete after 1s [id=devops-g10-commission-task]
aws_cloudwatch_log_group.adot_commission: Creating...
aws_cloudwatch_log_group.payout_cutoff: Creation complete after 1s [id=/aws/lambda/devops-g10-payout-cutoff]
aws_iam_role_policy_attachment.ci_deploy: Creating...
aws_iam_role_policy_attachment.ci_deploy: Creation complete after 1s [id=devops-g10-ci-deploy-20260922220543502600000008]
aws_secretsmanager_secret_version.slack_placeholder: Creating...
aws_secretsmanager_secret.rds_master: Creation complete after 1s [id=arn:aws:secretsmanager:eu-central-1:240462142849:secret:devops-g10/db/master-rxo8Vy]
aws_apigatewayv2_stage.default: Creating...
aws_iam_role.task["web"]: Creation complete after 1s [id=devops-g10-web-task]
data.aws_iam_policy_document.pos_task: Reading...
data.aws_iam_policy_document.pos_task: Read complete after 0s [id=2633519113]
aws_secretsmanager_secret_version.daraja_placeholder: Creating...
aws_iam_role.task["payments"]: Creation complete after 1s [id=devops-g10-payments-task]
aws_iam_role_policy_attachment.db_migrate_exec_default: Creating...
aws_cloudwatch_log_group.adot_commission: Creation complete after 1s [id=/devops-g10/adot/commission]
aws_iam_role_policy_attachment.task_exec_default["web"]: Creating...
aws_secretsmanager_secret_version.slack_placeholder: Creation complete after 0s [id=arn:aws:secretsmanager:eu-central-1:240462142849:secret:devops-g10/slack-webhook-9Y1FOj|terraform-20260922220543771200000009]
aws_iam_role_policy_attachment.task_exec_default["payments"]: Creating...
aws_iam_role_policy_attachment.db_migrate_exec_default: Creation complete after 1s [id=devops-g10-db-migrate-exec-2026092222054427900000000b]
aws_iam_role_policy_attachment.task_exec_default["pos"]: Creating...
aws_secretsmanager_secret_version.daraja_placeholder: Creation complete after 1s [id=arn:aws:secretsmanager:eu-central-1:240462142849:secret:devops-g10/daraja-CXAGTT|terraform-2026092222054390450000000a]
aws_iam_role_policy_attachment.task_exec_default["commission"]: Creating...
aws_iam_role_policy_attachment.task_exec_default["web"]: Creation complete after 1s [id=devops-g10-web-exec-2026092222054432060000000c]
data.aws_iam_policy_document.probe: Reading...
data.aws_iam_policy_document.probe: Read complete after 0s [id=4200620734]
aws_secretsmanager_secret_version.service_tokens: Creating...
aws_db_parameter_group.pg16: Creation complete after 3s [id=devops-g10-pg16]
aws_ecr_lifecycle_policy.service["pos"]: Creating...
aws_iam_role_policy_attachment.task_exec_default["payments"]: Creation complete after 1s [id=devops-g10-payments-exec-2026092222054476170000000e]
aws_ecr_lifecycle_policy.service["web"]: Creating...
aws_iam_role_policy_attachment.task_exec_default["commission"]: Creation complete after 0s [id=devops-g10-commission-exec-2026092222054486630000000f]
aws_ecr_lifecycle_policy.service["commission"]: Creating...
aws_iam_role_policy_attachment.task_exec_default["pos"]: Creation complete after 0s [id=devops-g10-pos-exec-20260922220544877000000010]
aws_ecr_lifecycle_policy.service["payments"]: Creating...
aws_ecr_lifecycle_policy.service["pos"]: Creation complete after 0s [id=devops-g10/pos]
aws_apigatewayv2_stage.default: Creation complete after 1s [id=$default]
data.aws_iam_policy_document.slack_notifier: Reading...
aws_iam_role_policy.vpc_flow: Creating...
data.aws_iam_policy_document.slack_notifier: Read complete after 0s [id=2749972676]
aws_s3_bucket.logs: Creating...
aws_secretsmanager_secret_version.service_tokens: Creation complete after 0s [id=arn:aws:secretsmanager:eu-central-1:240462142849:secret:devops-g10/service-tokens-bHQFTI|terraform-2026092222054458750000000d]
aws_s3_bucket.backups: Creating...
aws_sqs_queue.payments_callbacks_dlq: Still creating... [00m10s elapsed]
aws_sqs_queue.commission_close_dlq: Still creating... [00m10s elapsed]
aws_ecr_lifecycle_policy.service["web"]: Creation complete after 1s [id=devops-g10/web]
aws_s3_bucket.artifacts: Creating...
aws_ecr_lifecycle_policy.service["commission"]: Creation complete after 1s [id=devops-g10/commission]
aws_codebuild_project.web: Creating...
aws_ecr_lifecycle_policy.service["payments"]: Creation complete after 1s [id=devops-g10/payments]
aws_iam_policy.task_common: Creating...
aws_iam_role_policy.vpc_flow: Creation complete after 1s [id=devops-g10-vpc-flow-logs:devops-g10-vpc-flow-logs]
aws_kms_key.alerts: Creating...
aws_iam_policy.task_common: Creation complete after 0s [id=arn:aws:iam::240462142849:policy/devops-g10-task-common]
aws_grafana_workspace_service_account.terraform: Creating...
data.aws_iam_policy_document.payout_cutoff: Reading...
data.aws_iam_policy_document.payout_cutoff: Read complete after 0s [id=1140758015]
data.aws_iam_policy_document.db_migrate_exec: Reading...
data.aws_iam_policy_document.db_migrate_exec: Read complete after 0s [id=2828466539]
aws_ecs_task_definition.db_bootstrap: Creating...
aws_ecs_task_definition.db_bootstrap: Creation complete after 1s [id=devops-g10-db-bootstrap]
data.aws_iam_policy_document.task_exec_secrets: Reading...
data.aws_iam_policy_document.task_exec_secrets: Read complete after 0s [id=1453274886]
aws_iam_policy.pos_task: Creating...
aws_iam_policy.pos_task: Creation complete after 1s [id=arn:aws:iam::240462142849:policy/devops-g10-pos-task]
aws_iam_policy.probe: Creating...
aws_iam_policy.probe: Creation complete after 1s [id=arn:aws:iam::240462142849:policy/devops-g10-probe]
aws_iam_policy.slack_notifier: Creating...
aws_iam_policy.slack_notifier: Creation complete after 0s [id=arn:aws:iam::240462142849:policy/devops-g10-slack-notifier]
aws_iam_role_policy_attachment.task_common["commission"]: Creating...
aws_s3_bucket.logs: Creation complete after 5s [id=devops-g10-logs-240462142849]
aws_iam_role_policy_attachment.task_common["web"]: Creating...
aws_s3_bucket.backups: Creation complete after 6s [id=devops-g10-backups-240462142849]
aws_iam_role_policy_attachment.task_common["payments"]: Creating...
aws_iam_role_policy_attachment.task_common["commission"]: Creation complete after 1s [id=devops-g10-commission-task-20260922220550676700000011]
aws_iam_role_policy_attachment.task_common["pos"]: Creating...
aws_s3_bucket.artifacts: Creation complete after 5s [id=devops-g10-artifacts-240462142849]
aws_iam_policy.payout_cutoff: Creating...
aws_iam_role_policy_attachment.task_common["web"]: Creation complete after 1s [id=devops-g10-web-task-20260922220550789500000012]
aws_iam_role_policy.db_migrate_exec: Creating...
aws_ecs_cluster.app: Still creating... [00m10s elapsed]
aws_iam_role_policy_attachment.task_common["payments"]: Creation complete after 0s [id=devops-g10-payments-task-20260922220550845300000013]
aws_iam_policy.task_exec_secrets: Creating...
aws_iam_role_policy_attachment.task_common["pos"]: Creation complete after 0s [id=devops-g10-pos-task-20260922220551227300000014]
aws_iam_role_policy_attachment.pos_task: Creating...
module.vpc.aws_vpc.this[0]: Still creating... [00m10s elapsed]
aws_iam_policy.payout_cutoff: Creation complete after 1s [id=arn:aws:iam::240462142849:policy/devops-g10-payout-cutoff]
aws_iam_role_policy_attachment.probe: Creating...
aws_iam_role_policy.db_migrate_exec: Creation complete after 1s [id=devops-g10-db-migrate-exec:devops-g10-db-migrate-exec]
aws_iam_role_policy_attachment.slack_notifier: Creating...
aws_iam_policy.task_exec_secrets: Creation complete after 1s [id=arn:aws:iam::240462142849:policy/devops-g10-task-exec-secrets]
aws_s3_bucket_public_access_block.logs: Creating...
aws_iam_role_policy_attachment.pos_task: Creation complete after 1s [id=devops-g10-pos-task-20260922220551771100000015]
aws_s3_bucket_server_side_encryption_configuration.logs: Creating...
aws_iam_role_policy_attachment.probe: Creation complete after 0s [id=devops-g10-probe-20260922220552117700000016]
aws_s3_bucket_versioning.logs: Creating...
aws_iam_role_policy_attachment.slack_notifier: Creation complete after 1s [id=devops-g10-slack-notifier-20260922220552253800000017]
aws_s3_bucket_lifecycle_configuration.logs: Creating...
aws_codebuild_project.web: Creation complete after 7s [id=arn:aws:codebuild:eu-central-1:240462142849:project/devops-g10-web-build]
aws_s3_bucket_ownership_controls.logs: Creating...
aws_ecs_cluster.app: Creation complete after 12s [id=arn:aws:ecs:eu-central-1:240462142849:cluster/devops-g10]
data.aws_iam_policy_document.logs: Reading...
data.aws_iam_policy_document.logs: Read complete after 0s [id=2076174125]
aws_s3_bucket_ownership_controls.backups: Creating...
aws_s3_bucket_public_access_block.logs: Creation complete after 1s [id=devops-g10-logs-240462142849]
aws_s3_bucket_lifecycle_configuration.backups: Creating...
aws_s3_bucket_server_side_encryption_configuration.logs: Creation complete after 1s [id=devops-g10-logs-240462142849]
aws_s3_bucket_versioning.backups: Creating...
aws_s3_bucket_ownership_controls.logs: Creation complete after 1s [id=devops-g10-logs-240462142849]
aws_sqs_queue.payments_callbacks_dlq: Still creating... [00m20s elapsed]
aws_sqs_queue.commission_close_dlq: Still creating... [00m20s elapsed]
aws_s3_bucket_versioning.backups: Creation complete after 3s [id=devops-g10-backups-240462142849]
aws_s3_bucket_versioning.logs: Creation complete after 4s [id=devops-g10-logs-240462142849]
aws_s3_bucket_ownership_controls.backups: Creation complete after 3s [id=devops-g10-backups-240462142849]
aws_s3_bucket_public_access_block.backups: Creating...
aws_s3_bucket_server_side_encryption_configuration.backups: Creating...
aws_s3_bucket_server_side_encryption_configuration.artifacts: Creating...
data.aws_iam_policy_document.codebuild: Reading...
data.aws_iam_policy_document.codebuild: Read complete after 0s [id=1167976871]
aws_s3_bucket_ownership_controls.artifacts: Creating...
module.vpc.aws_vpc.this[0]: Creation complete after 14s [id=vpc-0e739cfa7f1a54b47]
aws_s3_bucket_public_access_block.artifacts: Creating...
aws_kms_key.alerts: Still creating... [00m10s elapsed]
aws_s3_bucket_public_access_block.backups: Creation complete after 0s [id=devops-g10-backups-240462142849]
aws_s3_bucket_versioning.artifacts: Creating...
aws_s3_bucket_server_side_encryption_configuration.artifacts: Creation complete after 1s [id=devops-g10-artifacts-240462142849]
aws_s3_bucket_lifecycle_configuration.artifacts: Creating...
aws_s3_bucket_server_side_encryption_configuration.backups: Creation complete after 1s [id=devops-g10-backups-240462142849]
aws_iam_role_policy_attachment.payout_cutoff: Creating...
aws_s3_bucket_ownership_controls.artifacts: Creation complete after 1s [id=devops-g10-artifacts-240462142849]
aws_iam_role_policy_attachment.task_exec_secrets["payments"]: Creating...
aws_s3_bucket_public_access_block.artifacts: Creation complete after 1s [id=devops-g10-artifacts-240462142849]
aws_iam_role_policy_attachment.task_exec_secrets["commission"]: Creating...
aws_iam_role_policy_attachment.payout_cutoff: Creation complete after 0s [id=devops-g10-payout-cutoff-20260922220556983800000018]
aws_iam_role_policy_attachment.task_exec_secrets["web"]: Creating...
aws_iam_role_policy_attachment.task_exec_secrets["payments"]: Creation complete after 0s [id=devops-g10-payments-exec-20260922220557020400000019]
aws_iam_role_policy_attachment.task_exec_secrets["pos"]: Creating...
aws_iam_role_policy_attachment.task_exec_secrets["commission"]: Creation complete after 0s [id=devops-g10-commission-exec-2026092222055713880000001a]
aws_lambda_function.probe: Creating...
aws_iam_role_policy_attachment.task_exec_secrets["web"]: Creation complete after 1s [id=devops-g10-web-exec-2026092222055757200000001b]
aws_iam_role_policy_attachment.task_exec_secrets["pos"]: Creation complete after 1s [id=devops-g10-pos-exec-2026092222055759060000001c]
data.aws_iam_policy_document.pipeline: Reading...
data.aws_iam_policy_document.pipeline: Read complete after 0s [id=3019262456]
aws_lambda_function.slack_notifier: Creating...
aws_ecs_cluster_capacity_providers.app: Creating...
aws_s3_bucket_versioning.artifacts: Creation complete after 3s [id=devops-g10-artifacts-240462142849]
aws_s3_bucket_policy.logs: Creating...
aws_s3_bucket_policy.logs: Creation complete after 0s [id=devops-g10-logs-240462142849]
aws_iam_role_policy.codebuild: Creating...
aws_iam_role_policy.codebuild: Creation complete after 1s [id=devops-g10-codebuild:terraform-2026092222055946640000001d]
module.vpc.aws_default_security_group.this[0]: Creating...
aws_s3_bucket_lifecycle_configuration.logs: Still creating... [00m10s elapsed]
aws_kms_key.alerts: Creation complete after 17s [id=4b347de7-5387-4fdf-ba29-3af2793ff58e]
module.vpc.aws_default_route_table.default[0]: Creating...
aws_s3_bucket_lifecycle_configuration.backups: Still creating... [00m10s elapsed]
module.vpc.aws_default_security_group.this[0]: Creation complete after 3s [id=sg-0036ea30d22fbc69e]
module.vpc.aws_default_network_acl.this[0]: Creating...
aws_sqs_queue.commission_close_dlq: Creation complete after 27s [id=https://sqs.eu-central-1.amazonaws.com/240462142849/devops-g10-commission-close-dlq]
aws_lambda_function.payout_cutoff: Creating...
aws_sqs_queue.payments_callbacks_dlq: Creation complete after 27s [id=https://sqs.eu-central-1.amazonaws.com/240462142849/devops-g10-payments-callbacks-dlq]
aws_iam_role_policy.pipeline: Creating...
aws_iam_role_policy.pipeline: Creation complete after 1s [id=devops-g10-pipeline:terraform-2026092222060308650000001e]
aws_lb_target_group.payments: Creating...
module.vpc.aws_default_route_table.default[0]: Creation complete after 1s [id=rtb-0b071f8716e44ff28]
aws_security_group.vpclink: Creating...
aws_lambda_function.probe: Creation complete after 8s [id=devops-g10-probe]
aws_lb_target_group.web: Creating...
module.vpc.aws_default_network_acl.this[0]: Creation complete after 3s [id=acl-02f191f67e704c93a]
aws_security_group.cache: Creating...
aws_s3_bucket_lifecycle_configuration.artifacts: Still creating... [00m10s elapsed]
aws_security_group.vpclink: Creation complete after 3s [id=sg-0d3fb4c847d42d5de]
aws_lb_target_group.pos: Creating...
aws_lb_target_group.web: Creation complete after 3s [id=arn:aws:elasticloadbalancing:eu-central-1:240462142849:targetgroup/devops-g10-web-tg/3ec95abb745c7d6a]
aws_security_group.vpc_endpoints: Creating...
aws_lb_target_group.payments: Creation complete after 4s [id=arn:aws:elasticloadbalancing:eu-central-1:240462142849:targetgroup/devops-g10-payments-tg/18f6d38acb132085]
aws_security_group.ecs_tasks: Creating...
aws_ecs_cluster_capacity_providers.app: Still creating... [00m10s elapsed]
aws_lambda_function.slack_notifier: Still creating... [00m10s elapsed]
aws_lb_target_group.pos: Creation complete after 2s [id=arn:aws:elasticloadbalancing:eu-central-1:240462142849:targetgroup/devops-g10-pos-tg/f74084c0f1dc7d4e]
aws_security_group.alb: Creating...
aws_security_group.cache: Creation complete after 3s [id=sg-0ba015076c5d9e481]
aws_security_group.rds: Creating...
aws_ecs_cluster_capacity_providers.app: Creation complete after 11s [id=devops-g10]
aws_sns_topic.alerts: Creating...
aws_security_group.vpc_endpoints: Creation complete after 3s [id=sg-0aa050801b0e0e6cd]
aws_kms_alias.alerts: Creating...
aws_security_group.ecs_tasks: Creation complete after 3s [id=sg-0d0cae01c7ea7b992]
aws_sqs_queue.commission_close: Creating...
aws_kms_alias.alerts: Creation complete after 0s [id=alias/devops-g10-alerts]
module.vpc.aws_route_table.private[0]: Creating...
aws_sns_topic.alerts: Creation complete after 3s [id=arn:aws:sns:eu-central-1:240462142849:devops-g10-alerts]
module.vpc.aws_route_table.public[0]: Creating...
aws_security_group.alb: Creation complete after 3s [id=sg-0da7ca526b3c682dc]
module.vpc.aws_subnet.private[1]: Creating...
aws_lambda_function.slack_notifier: Creation complete after 14s [id=devops-g10-slack-notifier]
module.vpc.aws_subnet.private[0]: Creating...
aws_security_group.rds: Creation complete after 3s [id=sg-03fd04468fa465695]
module.vpc.aws_subnet.database[0]: Creating...
aws_s3_bucket_lifecycle_configuration.logs: Still creating... [00m20s elapsed]
aws_s3_bucket_lifecycle_configuration.backups: Still creating... [00m20s elapsed]
module.vpc.aws_route_table.private[0]: Creation complete after 2s [id=rtb-0e9469df6c934e4cc]
module.vpc.aws_internet_gateway.this[0]: Creating...
aws_lambda_function.payout_cutoff: Still creating... [00m10s elapsed]
module.vpc.aws_route_table.public[0]: Creation complete after 1s [id=rtb-0840fb594b20ac0e8]
module.vpc.aws_subnet.database[1]: Creating...
module.vpc.aws_subnet.private[1]: Creation complete after 1s [id=subnet-03627d897e49a671c]
module.vpc.aws_subnet.public[1]: Creating...
module.vpc.aws_subnet.private[0]: Creation complete after 1s [id=subnet-050a6b05a3b93784c]
module.vpc.aws_subnet.public[0]: Creating...
module.vpc.aws_subnet.database[0]: Creation complete after 2s [id=subnet-09eae14e29c97d3e0]
aws_sqs_queue.payments_callbacks: Creating...
module.vpc.aws_internet_gateway.this[0]: Creation complete after 1s [id=igw-0755d2e78d3c222d5]
aws_cloudwatch_event_target.probe: Creating...
module.vpc.aws_subnet.database[1]: Creation complete after 2s [id=subnet-08be79669ed1b52cb]
aws_lambda_permission.probe: Creating...
aws_lambda_permission.probe: Creation complete after 0s [id=AllowEventBridge]
aws_vpc_security_group_egress_rule.ecs_all: Creating...
aws_cloudwatch_event_target.probe: Creation complete after 1s [id=devops-g10-probe-terraform-20260922220614047200000021]
aws_vpc_security_group_ingress_rule.cache_from_ecs: Creating...
aws_vpc_security_group_egress_rule.ecs_all: Creation complete after 0s [id=sgr-0e4ad69169e4fe232]
aws_vpc_security_group_ingress_rule.vpce_https_from_ecs: Creating...
aws_vpc_security_group_ingress_rule.cache_from_ecs: Creation complete after 1s [id=sgr-026f9e8d09a9fc3e9]
module.vpc.aws_cloudwatch_log_group.flow_log[0]: Creating...
aws_vpc_security_group_ingress_rule.vpce_https_from_ecs: Creation complete after 1s [id=sgr-0baa422303966c28d]
aws_s3_bucket_lifecycle_configuration.artifacts: Still creating... [00m20s elapsed]
module.vpc.aws_subnet.public[0]: Creation complete after 6s [id=subnet-08286467c41e17a84]
module.vpc.aws_cloudwatch_log_group.flow_log[0]: Creation complete after 3s [id=/aws/vpc-flow-log/vpc-0e739cfa7f1a54b47]
module.vpc.aws_subnet.public[1]: Creation complete after 6s [id=subnet-091ae3ac949c9e47c]
data.aws_iam_policy_document.alerts_sns: Reading...
data.aws_iam_policy_document.alerts_sns: Read complete after 0s [id=3357667275]
aws_vpc_security_group_egress_rule.vpclink_to_alb: Creating...
aws_vpc_security_group_ingress_rule.ecs_from_alb: Creating...
aws_vpc_security_group_ingress_rule.alb_from_ecs: Creating...
aws_vpc_security_group_egress_rule.alb_to_ecs: Creating...
aws_lambda_function.payout_cutoff: Creation complete after 16s [id=devops-g10-payout-cutoff]
aws_vpc_security_group_ingress_rule.alb_from_vpclink: Creating...
aws_vpc_security_group_egress_rule.vpclink_to_alb: Creation complete after 0s [id=sgr-097be5e95d0b4f411]
aws_vpc_security_group_egress_rule.alb_to_ecs: Creation complete after 0s [id=sgr-0ffdefbc08f496623]
aws_vpc_security_group_ingress_rule.ecs_from_alb: Creation complete after 0s [id=sgr-03aa9dcd20be4d1a7]
aws_lambda_permission.alerts_sns: Creating...
aws_vpc_security_group_ingress_rule.rds_from_ecs: Creating...
module.vpc.aws_route_table_association.private[0]: Creating...
aws_vpc_security_group_ingress_rule.alb_from_ecs: Creation complete after 0s [id=sgr-0eaedf072d0b4fd1e]
module.vpc.aws_route_table_association.private[1]: Creating...
aws_vpc_security_group_ingress_rule.alb_from_vpclink: Creation complete after 1s [id=sgr-018836184cb131cd2]
module.vpc.aws_eip.nat[0]: Creating...
aws_lambda_permission.alerts_sns: Creation complete after 1s [id=AllowSNS]
aws_vpc_security_group_ingress_rule.rds_from_ecs: Creation complete after 1s [id=sgr-09644f9ff95c1b400]
module.vpc.aws_route.public_internet_gateway[0]: Creating...
module.vpc.aws_route_table_association.database[1]: Creating...
module.vpc.aws_route_table_association.private[0]: Creation complete after 1s [id=rtbassoc-04339f5f371be48e2]
module.vpc.aws_db_subnet_group.database[0]: Creating...
module.vpc.aws_route_table_association.private[1]: Creation complete after 1s [id=rtbassoc-07b11763a88809b1b]
module.vpc.aws_route_table_association.database[0]: Creating...
module.vpc.aws_route_table_association.database[1]: Creation complete after 0s [id=rtbassoc-0bd757c1311b1f0b1]
aws_cloudwatch_metric_alarm.payments_slow_burn: Creating...
module.vpc.aws_route_table_association.database[0]: Creation complete after 1s [id=rtbassoc-070a86f9f393aa17a]
module.vpc.aws_route_table_association.public[1]: Creating...
module.vpc.aws_route.public_internet_gateway[0]: Creation complete after 1s [id=r-rtb-0840fb594b20ac0e81080289494]
aws_cloudwatch_metric_alarm.payments_callbacks_dlq: Creating...
module.vpc.aws_eip.nat[0]: Creation complete after 1s [id=eipalloc-050fd362ea05a9e21]
aws_cloudwatch_metric_alarm.probe_down: Creating...
aws_sqs_queue.commission_close: Still creating... [00m10s elapsed]
module.vpc.aws_db_subnet_group.database[0]: Creation complete after 2s [id=devops-g10-vpc]
module.vpc.aws_route_table_association.public[0]: Creating...
module.vpc.aws_route_table_association.public[1]: Creation complete after 1s [id=rtbassoc-025bc22c511e2dbf7]
aws_cloudwatch_metric_alarm.commission_dlq: Creating...
aws_cloudwatch_metric_alarm.payments_callbacks_dlq: Creation complete after 1s [id=devops-g10-payments-callbacks-dlq]
aws_cloudwatch_metric_alarm.payments_slow_burn: Creation complete after 2s [id=devops-g10-payments-slow-burn]
aws_cloudwatch_metric_alarm.commission_slow_burn: Creating...
aws_cloudwatch_metric_alarm.pos_slow_burn: Creating...
aws_cloudwatch_metric_alarm.probe_down: Creation complete after 1s [id=devops-g10-probe-down]
aws_cloudwatch_metric_alarm.payments_fast_burn: Creating...
aws_s3_bucket_lifecycle_configuration.logs: Still creating... [00m30s elapsed]
module.vpc.aws_route_table_association.public[0]: Creation complete after 1s [id=rtbassoc-021ea9196536d3ebd]
aws_cloudwatch_metric_alarm.payout_not_settled: Creating...
aws_cloudwatch_metric_alarm.commission_dlq: Creation complete after 1s [id=devops-g10-commission-dlq]
aws_cloudwatch_metric_alarm.pos_fast_burn: Creating...
aws_cloudwatch_metric_alarm.pos_slow_burn: Creation complete after 1s [id=devops-g10-pos-slow-burn]
aws_cloudwatch_metric_alarm.commission_fast_burn: Creating...
aws_cloudwatch_metric_alarm.commission_slow_burn: Creation complete after 1s [id=devops-g10-commission-slow-burn]
aws_s3_bucket_lifecycle_configuration.backups: Still creating... [00m30s elapsed]
aws_cloudwatch_metric_alarm.payments_oldest_pending: Creating...
aws_cloudwatch_metric_alarm.payments_fast_burn: Creation complete after 1s [id=devops-g10-payments-fast-burn]
aws_sns_topic_policy.alerts: Creating...
aws_cloudwatch_metric_alarm.payout_not_settled: Creation complete after 0s [id=devops-g10-payout-not-settled]
aws_cloudwatch_event_target.payout_cutoff: Creating...
aws_cloudwatch_metric_alarm.pos_fast_burn: Creation complete after 0s [id=devops-g10-pos-fast-burn]
aws_lambda_permission.payout_cutoff: Creating...
aws_cloudwatch_metric_alarm.payments_oldest_pending: Creation complete after 1s [id=devops-g10-payments-oldest-pending]
aws_lb.app: Creating...
aws_cloudwatch_metric_alarm.commission_fast_burn: Creation complete after 1s [id=devops-g10-commission-fast-burn]
aws_elasticache_subnet_group.cache: Creating...
aws_sqs_queue.payments_callbacks: Still creating... [00m10s elapsed]
aws_lambda_permission.payout_cutoff: Creation complete after 1s [id=AllowEventBridge]
aws_apigatewayv2_vpc_link.app: Creating...
aws_sns_topic_policy.alerts: Creation complete after 1s [id=arn:aws:sns:eu-central-1:240462142849:devops-g10-alerts]
aws_sns_topic_subscription.slack: Creating...
aws_cloudwatch_event_target.payout_cutoff: Creation complete after 1s [id=devops-g10-payout-cutoff-terraform-20260922220623368400000022]
module.vpc.aws_flow_log.this[0]: Creating...
aws_sns_topic_subscription.slack: Creation complete after 1s [id=arn:aws:sns:eu-central-1:240462142849:devops-g10-alerts:1407912b-10ed-4db9-a05f-63ee7b30c87c]
module.vpc.aws_nat_gateway.this[0]: Creating...
module.vpc.aws_flow_log.this[0]: Creation complete after 1s [id=fl-04d32ac02e0e02573]
aws_db_instance.pg: Creating...
aws_elasticache_subnet_group.cache: Creation complete after 2s [id=devops-g10-cache]
aws_elasticache_replication_group.valkey: Creating...
aws_s3_bucket_lifecycle_configuration.artifacts: Still creating... [00m30s elapsed]
aws_sqs_queue.commission_close: Still creating... [00m20s elapsed]
aws_s3_bucket_lifecycle_configuration.logs: Still creating... [00m40s elapsed]
aws_s3_bucket_lifecycle_configuration.backups: Still creating... [00m40s elapsed]
aws_lb.app: Still creating... [00m10s elapsed]
aws_sqs_queue.payments_callbacks: Still creating... [00m20s elapsed]
aws_apigatewayv2_vpc_link.app: Still creating... [00m10s elapsed]
module.vpc.aws_nat_gateway.this[0]: Still creating... [00m10s elapsed]
aws_db_instance.pg: Still creating... [00m10s elapsed]
aws_elasticache_replication_group.valkey: Still creating... [00m10s elapsed]
aws_s3_bucket_lifecycle_configuration.artifacts: Still creating... [00m40s elapsed]
aws_sqs_queue.commission_close: Creation complete after 27s [id=https://sqs.eu-central-1.amazonaws.com/240462142849/devops-g10-commission-close]
module.vpc_endpoints.aws_vpc_endpoint.this["secretsmanager"]: Creating...
aws_sqs_queue.payments_callbacks: Creation complete after 27s [id=https://sqs.eu-central-1.amazonaws.com/240462142849/devops-g10-payments-callbacks]
aws_s3_bucket_lifecycle_configuration.logs: Still creating... [00m50s elapsed]
aws_s3_bucket_lifecycle_configuration.backups: Still creating... [00m50s elapsed]
module.vpc_endpoints.aws_vpc_endpoint.this["s3"]: Creating...
aws_lb.app: Still creating... [00m20s elapsed]
aws_apigatewayv2_vpc_link.app: Still creating... [00m20s elapsed]
module.vpc.aws_nat_gateway.this[0]: Still creating... [00m20s elapsed]
aws_db_instance.pg: Still creating... [00m20s elapsed]
aws_elasticache_replication_group.valkey: Still creating... [00m20s elapsed]
aws_s3_bucket_lifecycle_configuration.artifacts: Still creating... [00m50s elapsed]
module.vpc_endpoints.aws_vpc_endpoint.this["secretsmanager"]: Still creating... [00m10s elapsed]
module.vpc_endpoints.aws_vpc_endpoint.this["s3"]: Creation complete after 7s [id=vpce-0f4f819f7072bbc47]
module.vpc_endpoints.aws_vpc_endpoint.this["logs"]: Creating...
aws_s3_bucket_lifecycle_configuration.backups: Creation complete after 58s [id=devops-g10-backups-240462142849]
module.vpc_endpoints.aws_vpc_endpoint.this["ssm"]: Creating...
aws_s3_bucket_lifecycle_configuration.logs: Creation complete after 58s [id=devops-g10-logs-240462142849]
module.vpc_endpoints.aws_vpc_endpoint.this["ecr_api"]: Creating...
aws_lb.app: Still creating... [00m30s elapsed]
aws_s3_bucket_lifecycle_configuration.artifacts: Creation complete after 57s [id=devops-g10-artifacts-240462142849]
module.vpc_endpoints.aws_vpc_endpoint.this["ecr_dkr"]: Creating...
aws_apigatewayv2_vpc_link.app: Still creating... [00m30s elapsed]
module.vpc.aws_nat_gateway.this[0]: Still creating... [00m30s elapsed]
aws_db_instance.pg: Still creating... [00m30s elapsed]
aws_elasticache_replication_group.valkey: Still creating... [00m30s elapsed]
module.vpc_endpoints.aws_vpc_endpoint.this["secretsmanager"]: Still creating... [00m20s elapsed]
module.vpc_endpoints.aws_vpc_endpoint.this["logs"]: Still creating... [00m10s elapsed]
module.vpc_endpoints.aws_vpc_endpoint.this["ssm"]: Still creating... [00m10s elapsed]
module.vpc_endpoints.aws_vpc_endpoint.this["ecr_api"]: Still creating... [00m10s elapsed]
aws_lb.app: Still creating... [00m40s elapsed]
module.vpc_endpoints.aws_vpc_endpoint.this["ecr_dkr"]: Still creating... [00m10s elapsed]
aws_apigatewayv2_vpc_link.app: Still creating... [00m40s elapsed]
module.vpc.aws_nat_gateway.this[0]: Still creating... [00m40s elapsed]
aws_db_instance.pg: Still creating... [00m40s elapsed]
aws_elasticache_replication_group.valkey: Still creating... [00m40s elapsed]
module.vpc_endpoints.aws_vpc_endpoint.this["secretsmanager"]: Still creating... [00m30s elapsed]
module.vpc_endpoints.aws_vpc_endpoint.this["logs"]: Still creating... [00m20s elapsed]
module.vpc_endpoints.aws_vpc_endpoint.this["ssm"]: Still creating... [00m20s elapsed]
module.vpc_endpoints.aws_vpc_endpoint.this["ecr_api"]: Still creating... [00m20s elapsed]
module.vpc_endpoints.aws_vpc_endpoint.this["secretsmanager"]: Creation complete after 33s [id=vpce-0182e084861a3c369]
aws_cloudwatch_event_target.commission_daily_sqs: Creating...
aws_lb.app: Still creating... [00m50s elapsed]
module.vpc_endpoints.aws_vpc_endpoint.this["ecr_dkr"]: Still creating... [00m20s elapsed]
aws_apigatewayv2_vpc_link.app: Still creating... [00m50s elapsed]
aws_cloudwatch_event_target.commission_daily_sqs: Creation complete after 1s [id=devops-g10-commission-daily-close-commission-close-queue]
data.aws_iam_policy_document.commission_close_from_events: Reading...
data.aws_iam_policy_document.commission_close_from_events: Read complete after 0s [id=3418409642]
data.aws_iam_policy_document.commission_task: Reading...
data.aws_iam_policy_document.commission_task: Read complete after 0s [id=3534848397]
data.aws_iam_policy_document.payments_task: Reading...
data.aws_iam_policy_document.payments_task: Read complete after 0s [id=4104106598]
aws_sqs_queue_policy.commission_close: Creating...
module.vpc.aws_nat_gateway.this[0]: Still creating... [00m50s elapsed]
aws_db_instance.pg: Still creating... [00m50s elapsed]
aws_elasticache_replication_group.valkey: Still creating... [00m50s elapsed]
module.vpc_endpoints.aws_vpc_endpoint.this["logs"]: Still creating... [00m30s elapsed]
module.vpc_endpoints.aws_vpc_endpoint.this["ssm"]: Still creating... [00m30s elapsed]
module.vpc_endpoints.aws_vpc_endpoint.this["ecr_api"]: Still creating... [00m30s elapsed]
module.vpc_endpoints.aws_vpc_endpoint.this["logs"]: Creation complete after 33s [id=vpce-03f5bd694f1f5beba]
aws_iam_policy.commission_task: Creating...
aws_lb.app: Still creating... [01m00s elapsed]
module.vpc_endpoints.aws_vpc_endpoint.this["ecr_dkr"]: Still creating... [00m30s elapsed]
aws_apigatewayv2_vpc_link.app: Still creating... [01m00s elapsed]
aws_sqs_queue_policy.commission_close: Still creating... [00m10s elapsed]
aws_iam_policy.commission_task: Creation complete after 2s [id=arn:aws:iam::240462142849:policy/devops-g10-commission-task]
aws_iam_policy.payments_task: Creating...
module.vpc.aws_nat_gateway.this[0]: Still creating... [01m00s elapsed]
aws_db_instance.pg: Still creating... [01m00s elapsed]
aws_iam_policy.payments_task: Creation complete after 1s [id=arn:aws:iam::240462142849:policy/devops-g10-payments-task]
aws_iam_role_policy_attachment.commission_task: Creating...
aws_elasticache_replication_group.valkey: Still creating... [01m00s elapsed]
aws_iam_role_policy_attachment.commission_task: Creation complete after 0s [id=devops-g10-commission-task-2026092222072599310000002b]
aws_iam_role_policy_attachment.payments_task: Creating...
aws_iam_role_policy_attachment.payments_task: Creation complete after 1s [id=devops-g10-payments-task-2026092222072654410000002c]
module.vpc_endpoints.aws_vpc_endpoint.this["ssm"]: Still creating... [00m40s elapsed]
module.vpc_endpoints.aws_vpc_endpoint.this["ecr_api"]: Still creating... [00m40s elapsed]
aws_lb.app: Still creating... [01m10s elapsed]
module.vpc_endpoints.aws_vpc_endpoint.this["ecr_dkr"]: Still creating... [00m40s elapsed]
aws_apigatewayv2_vpc_link.app: Still creating... [01m10s elapsed]
aws_sqs_queue_policy.commission_close: Still creating... [00m20s elapsed]
module.vpc_endpoints.aws_vpc_endpoint.this["ecr_api"]: Creation complete after 43s [id=vpce-01d8b793b1ee7e7fa]
module.vpc.aws_nat_gateway.this[0]: Still creating... [01m10s elapsed]
aws_db_instance.pg: Still creating... [01m10s elapsed]
aws_elasticache_replication_group.valkey: Still creating... [01m10s elapsed]
module.vpc_endpoints.aws_vpc_endpoint.this["ssm"]: Still creating... [00m50s elapsed]
aws_sqs_queue_policy.commission_close: Creation complete after 27s [id=https://sqs.eu-central-1.amazonaws.com/240462142849/devops-g10-commission-close]
aws_lb.app: Still creating... [01m20s elapsed]
module.vpc_endpoints.aws_vpc_endpoint.this["ecr_dkr"]: Still creating... [00m50s elapsed]
aws_apigatewayv2_vpc_link.app: Still creating... [01m20s elapsed]
module.vpc_endpoints.aws_vpc_endpoint.this["ssm"]: Creation complete after 54s [id=vpce-05d6ecbe1e52b8691]
module.vpc.aws_nat_gateway.this[0]: Still creating... [01m20s elapsed]
aws_db_instance.pg: Still creating... [01m20s elapsed]
aws_elasticache_replication_group.valkey: Still creating... [01m20s elapsed]
module.vpc_endpoints.aws_vpc_endpoint.this["ecr_dkr"]: Creation complete after 54s [id=vpce-02a4d10b03f9cb40d]
module.vpc.aws_nat_gateway.this[0]: Creation complete after 1m27s [id=nat-02b765a1fe69fabd6]
module.vpc.aws_route.private_nat_gateway[0]: Creating...
module.vpc.aws_route.private_nat_gateway[0]: Creation complete after 1s [id=r-rtb-0e9469df6c934e4cc1080289494]
aws_lb.app: Still creating... [01m30s elapsed]
aws_apigatewayv2_vpc_link.app: Still creating... [01m30s elapsed]
aws_db_instance.pg: Still creating... [01m30s elapsed]
aws_elasticache_replication_group.valkey: Still creating... [01m30s elapsed]
aws_lb.app: Still creating... [01m40s elapsed]
aws_apigatewayv2_vpc_link.app: Still creating... [01m40s elapsed]
aws_db_instance.pg: Still creating... [01m40s elapsed]
aws_elasticache_replication_group.valkey: Still creating... [01m40s elapsed]
aws_lb.app: Still creating... [01m50s elapsed]
aws_apigatewayv2_vpc_link.app: Still creating... [01m50s elapsed]
aws_db_instance.pg: Still creating... [01m50s elapsed]
aws_elasticache_replication_group.valkey: Still creating... [01m50s elapsed]
aws_apigatewayv2_vpc_link.app: Creation complete after 1m58s [id=c5rk65]
aws_lb.app: Still creating... [02m00s elapsed]
aws_db_instance.pg: Still creating... [02m00s elapsed]
aws_elasticache_replication_group.valkey: Still creating... [02m00s elapsed]
aws_lb.app: Still creating... [02m10s elapsed]
aws_db_instance.pg: Still creating... [02m10s elapsed]
aws_elasticache_replication_group.valkey: Still creating... [02m10s elapsed]
aws_lb.app: Still creating... [02m20s elapsed]
aws_db_instance.pg: Still creating... [02m20s elapsed]
aws_elasticache_replication_group.valkey: Still creating... [02m20s elapsed]
aws_lb.app: Creation complete after 2m24s [id=arn:aws:elasticloadbalancing:eu-central-1:240462142849:loadbalancer/app/devops-g10-alb/e510723680cf32f2]
aws_lb_listener.http: Creating...
aws_cloudwatch_metric_alarm.web_fast_burn: Creating...
aws_cloudwatch_metric_alarm.web_slow_burn: Creating...
aws_wafv2_web_acl_association.app: Creating...
aws_lb_listener.http: Creation complete after 2s [id=arn:aws:elasticloadbalancing:eu-central-1:240462142849:listener/app/devops-g10-alb/e510723680cf32f2/225b96f237813e6f]
aws_apigatewayv2_integration.alb: Creating...
aws_lb_listener_rule.payments_charges: Creating...
aws_lb_listener_rule.payments_payouts: Creating...
aws_lb_listener_rule.block_internal_from_edge: Creating...
aws_lb_listener_rule.payments_sale_payment: Creating...
aws_cloudwatch_metric_alarm.web_slow_burn: Creation complete after 2s [id=devops-g10-web-slow-burn]
aws_lb_listener_rule.web: Creating...
aws_cloudwatch_metric_alarm.web_fast_burn: Creation complete after 2s [id=devops-g10-web-fast-burn]
aws_lb_listener_rule.payments_pos_sync: Creating...
aws_apigatewayv2_integration.alb: Creation complete after 0s [id=d0ekpis]
aws_lb_listener_rule.payments_payments: Creating...
aws_lb_listener_rule.payments_charges: Creation complete after 1s [id=arn:aws:elasticloadbalancing:eu-central-1:240462142849:listener-rule/app/devops-g10-alb/e510723680cf32f2/225b96f237813e6f/c6653bc4fded491b]
aws_lb_listener_rule.pos_internal_sales: Creating...
aws_lb_listener_rule.payments_payouts: Creation complete after 1s [id=arn:aws:elasticloadbalancing:eu-central-1:240462142849:listener-rule/app/devops-g10-alb/e510723680cf32f2/225b96f237813e6f/4074b4fe601c6a4f]
aws_lb_listener_rule.payments_callback: Creating...
aws_lb_listener_rule.block_internal_from_edge: Creation complete after 1s [id=arn:aws:elasticloadbalancing:eu-central-1:240462142849:listener-rule/app/devops-g10-alb/e510723680cf32f2/225b96f237813e6f/afd138c9c0679277]
aws_lb_listener_rule.pos_commission: Creating...
aws_lb_listener_rule.payments_sale_payment: Creation complete after 1s [id=arn:aws:elasticloadbalancing:eu-central-1:240462142849:listener-rule/app/devops-g10-alb/e510723680cf32f2/225b96f237813e6f/c132ce415fd50729]
aws_lb_listener_rule.pos_sales: Creating...
aws_lb_listener_rule.web: Creation complete after 1s [id=arn:aws:elasticloadbalancing:eu-central-1:240462142849:listener-rule/app/devops-g10-alb/e510723680cf32f2/225b96f237813e6f/cdd7e02569c2e688]
aws_apigatewayv2_route.root: Creating...
aws_lb_listener_rule.payments_pos_sync: Creation complete after 1s [id=arn:aws:elasticloadbalancing:eu-central-1:240462142849:listener-rule/app/devops-g10-alb/e510723680cf32f2/225b96f237813e6f/70f792517aa5d3ce]
aws_apigatewayv2_route.proxy: Creating...
aws_wafv2_web_acl_association.app: Creation complete after 3s [id=arn:aws:wafv2:eu-central-1:240462142849:regional/webacl/devops-g10-waf/b445c97b-05d1-407d-b631-de2e0393c20b,arn:aws:elasticloadbalancing:eu-central-1:240462142849:loadbalancer/app/devops-g10-alb/e510723680cf32f2]
aws_lb_listener_rule.payments_payments: Creation complete after 1s [id=arn:aws:elasticloadbalancing:eu-central-1:240462142849:listener-rule/app/devops-g10-alb/e510723680cf32f2/225b96f237813e6f/7553be5a8b1f77e6]
aws_lb_listener_rule.pos_internal_sales: Creation complete after 0s [id=arn:aws:elasticloadbalancing:eu-central-1:240462142849:listener-rule/app/devops-g10-alb/e510723680cf32f2/225b96f237813e6f/f0d5afa56354db2f]
aws_lb_listener_rule.payments_callback: Creation complete after 1s [id=arn:aws:elasticloadbalancing:eu-central-1:240462142849:listener-rule/app/devops-g10-alb/e510723680cf32f2/225b96f237813e6f/e0084f2f4a227474]
aws_apigatewayv2_route.root: Creation complete after 1s [id=n5fxb7p]
aws_lb_listener_rule.pos_commission: Creation complete after 1s [id=arn:aws:elasticloadbalancing:eu-central-1:240462142849:listener-rule/app/devops-g10-alb/e510723680cf32f2/225b96f237813e6f/bb074c8786d9db2f]
aws_lb_listener_rule.pos_sales: Creation complete after 1s [id=arn:aws:elasticloadbalancing:eu-central-1:240462142849:listener-rule/app/devops-g10-alb/e510723680cf32f2/225b96f237813e6f/9d3bc7a798858530]
aws_apigatewayv2_route.proxy: Creation complete after 1s [id=mqktgd4]
aws_db_instance.pg: Still creating... [02m30s elapsed]
aws_elasticache_replication_group.valkey: Still creating... [02m30s elapsed]
aws_db_instance.pg: Still creating... [02m40s elapsed]
aws_elasticache_replication_group.valkey: Still creating... [02m40s elapsed]
aws_db_instance.pg: Still creating... [02m50s elapsed]
aws_elasticache_replication_group.valkey: Still creating... [02m50s elapsed]
aws_db_instance.pg: Still creating... [03m00s elapsed]
aws_elasticache_replication_group.valkey: Still creating... [03m00s elapsed]
aws_db_instance.pg: Still creating... [03m10s elapsed]
aws_elasticache_replication_group.valkey: Still creating... [03m10s elapsed]
aws_db_instance.pg: Still creating... [03m20s elapsed]
aws_elasticache_replication_group.valkey: Still creating... [03m20s elapsed]
aws_db_instance.pg: Still creating... [03m30s elapsed]
aws_elasticache_replication_group.valkey: Still creating... [03m30s elapsed]
aws_db_instance.pg: Still creating... [03m40s elapsed]
aws_elasticache_replication_group.valkey: Still creating... [03m40s elapsed]
aws_db_instance.pg: Still creating... [03m50s elapsed]
aws_elasticache_replication_group.valkey: Still creating... [03m50s elapsed]
aws_db_instance.pg: Still creating... [04m00s elapsed]
aws_elasticache_replication_group.valkey: Still creating... [04m00s elapsed]
aws_db_instance.pg: Still creating... [04m10s elapsed]
aws_elasticache_replication_group.valkey: Still creating... [04m10s elapsed]
aws_db_instance.pg: Still creating... [04m20s elapsed]
aws_elasticache_replication_group.valkey: Still creating... [04m20s elapsed]
aws_db_instance.pg: Still creating... [04m30s elapsed]
aws_elasticache_replication_group.valkey: Still creating... [04m30s elapsed]
aws_db_instance.pg: Still creating... [04m40s elapsed]
aws_elasticache_replication_group.valkey: Still creating... [04m40s elapsed]
aws_db_instance.pg: Still creating... [04m50s elapsed]
aws_elasticache_replication_group.valkey: Still creating... [04m50s elapsed]
aws_db_instance.pg: Still creating... [05m00s elapsed]
aws_elasticache_replication_group.valkey: Still creating... [05m00s elapsed]
aws_db_instance.pg: Still creating... [05m10s elapsed]
aws_elasticache_replication_group.valkey: Still creating... [05m10s elapsed]
aws_db_instance.pg: Still creating... [05m20s elapsed]
aws_elasticache_replication_group.valkey: Still creating... [05m20s elapsed]
aws_db_instance.pg: Still creating... [05m30s elapsed]
aws_elasticache_replication_group.valkey: Still creating... [05m30s elapsed]
aws_db_instance.pg: Still creating... [05m40s elapsed]
aws_elasticache_replication_group.valkey: Still creating... [05m40s elapsed]
aws_db_instance.pg: Still creating... [05m50s elapsed]
aws_elasticache_replication_group.valkey: Still creating... [05m50s elapsed]
aws_db_instance.pg: Still creating... [06m00s elapsed]
aws_elasticache_replication_group.valkey: Still creating... [06m00s elapsed]
aws_db_instance.pg: Still creating... [06m10s elapsed]
aws_elasticache_replication_group.valkey: Still creating... [06m10s elapsed]
aws_db_instance.pg: Still creating... [06m20s elapsed]
aws_elasticache_replication_group.valkey: Still creating... [06m20s elapsed]
aws_db_instance.pg: Still creating... [06m30s elapsed]
aws_elasticache_replication_group.valkey: Still creating... [06m30s elapsed]
aws_db_instance.pg: Still creating... [06m40s elapsed]
aws_elasticache_replication_group.valkey: Still creating... [06m40s elapsed]
aws_db_instance.pg: Still creating... [06m50s elapsed]
aws_elasticache_replication_group.valkey: Still creating... [06m50s elapsed]
aws_db_instance.pg: Still creating... [07m00s elapsed]
aws_elasticache_replication_group.valkey: Still creating... [07m00s elapsed]
aws_db_instance.pg: Still creating... [07m10s elapsed]
aws_elasticache_replication_group.valkey: Still creating... [07m10s elapsed]
aws_db_instance.pg: Still creating... [07m20s elapsed]
aws_elasticache_replication_group.valkey: Still creating... [07m20s elapsed]
aws_db_instance.pg: Still creating... [07m30s elapsed]
aws_elasticache_replication_group.valkey: Still creating... [07m30s elapsed]
aws_db_instance.pg: Still creating... [07m40s elapsed]
aws_elasticache_replication_group.valkey: Still creating... [07m40s elapsed]
aws_db_instance.pg: Still creating... [07m50s elapsed]
aws_elasticache_replication_group.valkey: Still creating... [07m50s elapsed]
aws_elasticache_replication_group.valkey: Creation complete after 7m56s [id=devops-g10-valkey]
aws_db_instance.pg: Still creating... [08m00s elapsed]
aws_secretsmanager_secret_version.cache_auth: Creating...
aws_ssm_parameter.ecs_app_env["payments"]: Creating...
aws_ssm_parameter.ecs_app_env["pos"]: Creating...
aws_ssm_parameter.ecs_app_env["web"]: Creating...
aws_ssm_parameter.ecs_app_env["commission"]: Creating...
aws_ecs_task_definition.web: Creating...
aws_ecs_task_definition.commission: Creating...
aws_ecs_task_definition.pos: Creating...
aws_ecs_task_definition.payments: Creating...
aws_ecs_task_definition.payments: Creation complete after 1s [id=devops-g10-payments]
aws_ecs_task_definition.pos: Creation complete after 1s [id=devops-g10-pos]
aws_ecs_service.pos: Creating...
aws_secretsmanager_secret_version.cache_auth: Creation complete after 1s [id=arn:aws:secretsmanager:eu-central-1:240462142849:secret:devops-g10/cache/auth-Bt2oXi|terraform-2026092222142591730000002d]
aws_ecs_task_definition.web: Creation complete after 1s [id=devops-g10-web]
aws_ecs_task_definition.commission: Creation complete after 1s [id=devops-g10-commission]
aws_ecs_service.web: Creating...
aws_ssm_parameter.ecs_app_env["web"]: Creation complete after 2s [id=/devops-g10/web/env]
aws_ssm_parameter.ecs_app_env["commission"]: Creation complete after 2s [id=/devops-g10/commission/env]
aws_ssm_parameter.ecs_app_env["pos"]: Creation complete after 2s [id=/devops-g10/pos/env]
aws_ssm_parameter.ecs_app_env["payments"]: Creation complete after 2s [id=/devops-g10/payments/env]
aws_ecs_service.web: Creation complete after 2s [id=arn:aws:ecs:eu-central-1:240462142849:service/devops-g10/devops-g10-web]
aws_ecs_service.pos: Creation complete after 2s [id=arn:aws:ecs:eu-central-1:240462142849:service/devops-g10/devops-g10-pos]
aws_ecs_service.payments: Creating...
aws_ecs_service.payments: Creation complete after 1s [id=arn:aws:ecs:eu-central-1:240462142849:service/devops-g10/devops-g10-payments]
aws_appautoscaling_target.cpu["payments"]: Creating...
aws_appautoscaling_target.cpu["pos"]: Creating...
aws_ecs_service.commission: Creating...
aws_ecs_service.commission: Creation complete after 2s [id=arn:aws:ecs:eu-central-1:240462142849:service/devops-g10/devops-g10-commission]
aws_cloudwatch_metric_alarm.ecs_cpu_high: Creating...
aws_appautoscaling_target.cpu["payments"]: Creation complete after 2s [id=service/devops-g10/devops-g10-payments]
aws_appautoscaling_target.cpu["pos"]: Creation complete after 2s [id=service/devops-g10/devops-g10-pos]
aws_appautoscaling_policy.cpu["pos"]: Creating...
aws_appautoscaling_policy.cpu["payments"]: Creating...
aws_appautoscaling_policy.cpu["pos"]: Creation complete after 1s [id=devops-g10-pos-cpu-70]
aws_appautoscaling_policy.cpu["payments"]: Creation complete after 1s [id=devops-g10-payments-cpu-70]
aws_cloudwatch_metric_alarm.ecs_cpu_high: Creation complete after 1s [id=devops-g10-ecs-cpu-high]
aws_db_instance.pg: Still creating... [08m10s elapsed]
aws_db_instance.pg: Still creating... [08m20s elapsed]
aws_db_instance.pg: Still creating... [08m30s elapsed]
aws_db_instance.pg: Creation complete after 8m37s [id=db-Z547QCUTXYC7YCEGBSATUKW4HY]
aws_secretsmanager_secret_version.rds_master: Creating...
aws_secretsmanager_secret_version.db_pos: Creating...
aws_secretsmanager_secret_version.db_payments: Creating...
aws_cloudwatch_metric_alarm.rds_cpu_high: Creating...
aws_secretsmanager_secret_version.db_pos: Creation complete after 1s [id=arn:aws:secretsmanager:eu-central-1:240462142849:secret:devops-g10/db/pos-BZl7uT|terraform-20260922221504324800000033]
aws_secretsmanager_secret_version.db_payments: Creation complete after 1s [id=arn:aws:secretsmanager:eu-central-1:240462142849:secret:devops-g10/db/payments-cGtyQm|terraform-20260922221504325000000034]
aws_secretsmanager_secret_version.rds_master: Creation complete after 1s [id=arn:aws:secretsmanager:eu-central-1:240462142849:secret:devops-g10/db/master-rxo8Vy|terraform-20260922221504324800000032]
aws_cloudwatch_metric_alarm.rds_cpu_high: Creation complete after 2s [id=devops-g10-rds-cpu-high]
╷
│ Error: creating Grafana Workspace Service Account (terraform)
│ 
│   with aws_grafana_workspace_service_account.terraform,
│   on grafana.tf line 136, in resource "aws_grafana_workspace_service_account" "terraform":
│  136: resource "aws_grafana_workspace_service_account" "terraform" {
│ 
│ operation error grafana: CreateWorkspaceServiceAccount, https response
│ error StatusCode: 409, RequestID: 0fe9dd2d-e3cd-4cd9-b349-0263d7a1c51c,
│ ConflictException: Workspace operation failed. Workspace is currently in
│ the DELETION_FAILED state.
╵
Releasing state lock. This may take a few moments...
rebuild_apply_ended=2026-09-22T22:15:06Z exit=1
--- outputs ---
https://mww3x8g0k2.execute-api.eu-central-1.amazonaws.cominternal-devops-g10-alb-88894723.eu-central-1.elb.amazonaws.comdevops-g10-pg.cxiicgm8iuvj.eu-central-1.rds.amazonaws.com